../Core/Src/UART_EXTI_Interrupt_Sleep_Wakeup.c:126:6:HAL_UART_RxCpltCallback	24	static
../Core/Src/UART_EXTI_Interrupt_Sleep_Wakeup.c:147:6:HAL_GPIO_EXTI_Callback	24	static
../Core/Src/UART_EXTI_Interrupt_Sleep_Wakeup.c:167:5:main	16	static
../Core/Src/UART_EXTI_Interrupt_Sleep_Wakeup.c:255:6:SystemClock_Config	88	static
../Core/Src/UART_EXTI_Interrupt_Sleep_Wakeup.c:301:13:MX_I2C1_Init	8	static
../Core/Src/UART_EXTI_Interrupt_Sleep_Wakeup.c:323:13:MX_I2S3_Init	8	static
../Core/Src/UART_EXTI_Interrupt_Sleep_Wakeup.c:345:13:MX_SPI1_Init	8	static
../Core/Src/UART_EXTI_Interrupt_Sleep_Wakeup.c:371:13:MX_USART3_UART_Init	8	static
../Core/Src/UART_EXTI_Interrupt_Sleep_Wakeup.c:392:13:MX_GPIO_Init	56	static
../Core/Src/UART_EXTI_Interrupt_Sleep_Wakeup.c:488:6:Error_Handler	4	static,ignoring_inline_asm
